{
	"data": [
		"2EU3JbveHdkxW6z5tdhbbB2kRAWvXC2pLzw",
		"zC8GAQGQBfwk7vtTxVoRG7iMperHNuyYPs"
	]
}
